// Jest Snapshot v1, https://goo.gl/fbAQLP

exports[`gameboard loads fleet 1`] = `
{
  "ships": [
    {
      "coords": null,
      "hits": 0,
      "length": 4,
      "sunk": false,
    },
    {
      "coords": null,
      "hits": 0,
      "length": 3,
      "sunk": false,
    },
    {
      "coords": null,
      "hits": 0,
      "length": 3,
      "sunk": false,
    },
    {
      "coords": null,
      "hits": 0,
      "length": 2,
      "sunk": false,
    },
    {
      "coords": null,
      "hits": 0,
      "length": 2,
      "sunk": false,
    },
    {
      "coords": null,
      "hits": 0,
      "length": 2,
      "sunk": false,
    },
    {
      "coords": null,
      "hits": 0,
      "length": 1,
      "sunk": false,
    },
    {
      "coords": null,
      "hits": 0,
      "length": 1,
      "sunk": false,
    },
    {
      "coords": null,
      "hits": 0,
      "length": 1,
      "sunk": false,
    },
    {
      "coords": null,
      "hits": 0,
      "length": 1,
      "sunk": false,
    },
  ],
}
`;
